---
source: fleet/src/console.rs
expression: "snapshot(120, View::Agent)"
---
┌fleet console─────────────────────────────────────────────────────────────────────────────────────────────────────────┐
│ 1 FLEET · running · blocked · cost │ 2 TASK · agents · lifecycle · verdicts │ 3 AGENT · brief · diff · verdict · rece│
└──────────────────────────────────────────────────────────────────────────────────────────────────────────────────────┘
┌AGENT codex [transcript] · ✓ Complete [transcript]────────────────────────────────────────────────────────────────────┐
│brief   implement the three views [transcript]                                                                        │
│diff    + ratatui console+ crossterm input [receipt]                                                                  │
│verdict PASS [receipt]                                                                                                │
│receipts blake3:abc [receipt]                                                                                         │
│task    task-001 [receipt]                                                                                            │
│                                                                                                                      │
│                                                                                                                      │
│                                                                                                                      │
│                                                                                                                      │
│                                                                                                                      │
│                                                                                                                      │
└──────────────────────────────────────────────────────────────────────────────────────────────────────────────────────┘
q quit · ←/→ or tab views · ↑/↓ or j/k select · [source] is provenance
