---
source: fleet/src/console.rs
expression: "snapshot(120, View::Fleet)"
---
┌fleet console─────────────────────────────────────────────────────────────────────────────────────────────────────────┐
│ 1 FLEET · running · blocked · cost │ 2 TASK · agents · lifecycle · verdicts │ 3 AGENT · brief · diff · verdict · rece│
└──────────────────────────────────────────────────────────────────────────────────────────────────────────────────────┘
┌FLEET · running 1/1 (100.0%) [derived] · blocked 0/1 (0.0%) [derived] · cost — (cost absent for task task-001)────────┐
│TASK                                STATUS                                    COST                                    │
│task-001 [receipt]                  ▶ Running [receipt]                       — (cost not measured)                   │
│                                                                                                                      │
│                                                                                                                      │
│                                                                                                                      │
│                                                                                                                      │
│                                                                                                                      │
│                                                                                                                      │
│                                                                                                                      │
│                                                                                                                      │
│                                                                                                                      │
└──────────────────────────────────────────────────────────────────────────────────────────────────────────────────────┘
q quit · ←/→ or tab views · ↑/↓ or j/k select · [source] is provenance
